<?xml version="1.0" encoding="UTF-8"?>
<testsuites name="jest tests" tests="13" failures="0" errors="0" time="1.526">
  <testsuite name="undefined" errors="0" failures="0" skipped="0" timestamp="2023-06-12T12:22:06" time="1.113" tests="10">
    <testcase classname=" Should signup a new user" name=" Should signup a new user" time="0.119">
    </testcase>
    <testcase classname=" Should login userOne" name=" Should login userOne" time="0.069">
    </testcase>
    <testcase classname=" Should not login nonexistent user" name=" Should not login nonexistent user" time="0.062">
    </testcase>
    <testcase classname=" Should get profile for user" name=" Should get profile for user" time="0.045">
    </testcase>
    <testcase classname=" Should not get profile for not auth user" name=" Should not get profile for not auth user" time="0.043">
    </testcase>
    <testcase classname=" Should delete account for user" name=" Should delete account for user" time="0.046">
    </testcase>
    <testcase classname=" Should not delete acc for non auth user" name=" Should not delete acc for non auth user" time="0.043">
    </testcase>
    <testcase classname=" Should update avatar" name=" Should update avatar" time="0.058">
    </testcase>
    <testcase classname=" Should update user field" name=" Should update user field" time="0.045">
    </testcase>
    <testcase classname=" Should not update user field" name=" Should not update user field" time="0.044">
    </testcase>
  </testsuite>
  <testsuite name="undefined" errors="0" failures="0" skipped="0" timestamp="2023-06-12T12:22:07" time="0.375" tests="3">
    <testcase classname=" Should create task for user" name=" Should create task for user" time="0.083">
    </testcase>
    <testcase classname=" Should return user tasks" name=" Should return user tasks" time="0.049">
    </testcase>
    <testcase classname=" Should fail userTwo to delete userOneTask" name=" Should fail userTwo to delete userOneTask" time="0.046">
    </testcase>
  </testsuite>
</testsuites>